// Jest Snapshot v1, https://goo.gl/fbAQLP

exports[`<ListItemSwitch /> ListItem renders correctly with both topLine and bottomLine 1`] = `null`;

exports[`<ListItemSwitch /> ListItem renders correctly with bottomLine 1`] = `null`;

exports[`<ListItemSwitch /> ListItem renders correctly with topLine 1`] = `null`;

exports[`<ListItemSwitch /> render 1`] = `null`;
