// Jest Snapshot v1, https://goo.gl/fbAQLP

exports[`renders correctly Danger Button 1`] = `null`;

exports[`renders correctly Primary Button 1`] = `null`;

exports[`renders correctly Secondary Button 1`] = `null`;

exports[`renders correctly fullwidth Danger Button 1`] = `null`;

exports[`renders correctly fullwidth Danger Button with icon 1`] = `null`;

exports[`renders correctly fullwidth Primary Button 1`] = `null`;

exports[`renders correctly fullwidth Primary Button with icon 1`] = `null`;

exports[`renders correctly fullwidth Secondary Button 1`] = `null`;

exports[`renders correctly fullwidth Secondary Button with icon 1`] = `null`;
