// Jest Snapshot v1, https://goo.gl/fbAQLP

exports[`EmissionsScreen renders correctly 1`] = `null`;

exports[`EmissionsScreen renders correctly if no emissions 1`] = `null`;

exports[`EmissionsScreen renders correctly if only normal emissions 1`] = `null`;

exports[`EmissionsScreen renders correctly if only recurring emissions 1`] = `null`;
