// Jest Snapshot v1, https://goo.gl/fbAQLP

exports[`<ListItem /> ListItem renders correctly both topLine and bottomLine 1`] = `null`;

exports[`<ListItem /> ListItem renders correctly wtesth bottomLine 1`] = `null`;

exports[`<ListItem /> ListItem renders correctly wtesth topLine 1`] = `null`;

exports[`<ListItem /> render 1`] = `null`;
