// Jest Snapshot v1, https://goo.gl/fbAQLP

exports[`EmissionListItem renders correctly if mitigated 1`] = `null`;

exports[`EmissionListItem renders correctly with audio icon 1`] = `null`;

exports[`EmissionListItem renders correctly with boat icon 1`] = `null`;

exports[`EmissionListItem renders correctly with bus icon 1`] = `null`;

exports[`EmissionListItem renders correctly with car icon 1`] = `null`;

exports[`EmissionListItem renders correctly with card icon 1`] = `null`;

exports[`EmissionListItem renders correctly with chocolate icon 1`] = `null`;

exports[`EmissionListItem renders correctly with coffee icon 1`] = `null`;

exports[`EmissionListItem renders correctly with electricity icon 1`] = `null`;

exports[`EmissionListItem renders correctly with fish icon 1`] = `null`;

exports[`EmissionListItem renders correctly with full hd video icon 1`] = `null`;

exports[`EmissionListItem renders correctly with hd video icon 1`] = `null`;

exports[`EmissionListItem renders correctly with longHaulFlight icon 1`] = `null`;

exports[`EmissionListItem renders correctly with meal icon 1`] = `null`;

exports[`EmissionListItem renders correctly with mediumHaulFlight icon 1`] = `null`;

exports[`EmissionListItem renders correctly with motorbike icon 1`] = `null`;

exports[`EmissionListItem renders correctly with redMeat icon 1`] = `null`;

exports[`EmissionListItem renders correctly with shirt icon 1`] = `null`;

exports[`EmissionListItem renders correctly with shortHaulFlight icon 1`] = `null`;

exports[`EmissionListItem renders correctly with train icon 1`] = `null`;

exports[`EmissionListItem renders correctly with ultra hd video icon 1`] = `null`;

exports[`EmissionListItem renders correctly with whiteMeat icon 1`] = `null`;
